[c105:0]:c105:3887747:3888581 [0] NCCL INFO Channel 10/0 : 16[0] -> 19[3] via P2P/CUMEM
[c105:1]:c105:3887748:3888588 [1] NCCL INFO comm 0xd69ef20 rank 17 nRanks 32 nNodes 8 localRanks 4 localRank 1 MNNVL 0
[c105:1]:c105:3887748:3888588 [1] NCCL INFO NCCL_MIN_NCHANNELS set by environment to 11.
[c105:1]:c105:3887748:3888588 [1] NCCL INFO Trees [0] 18/-1/-1->17->16 [1] 18/9/25->17->1 [2] 19/-1/-1->17->16 [3] -1/-1/-1->17->18 [4] 18/-1/-1->17->16 [5] 18/-1/-1->17->21 [6] 19/-1/-1->17->16 [7] -1/-1/-1->17->18 [8] 18/-1/-1->17->16 [9] 18/9/25->17->1 [10] 19/-1/-1->17->16
[c105:1]:c105:3887748:3888588 [1] NCCL INFO P2P Chunksize set to 131072
[c105:1]:c105:3887748:3888588 [1] NCCL INFO Channel 00/0 : 17[1] -> 18[2] via P2P/CUMEM
[c105:1]:c105:3887748:3888588 [1] NCCL INFO Channel 04/0 : 17[1] -> 18[2] via P2P/CUMEM
[c105:1]:c105:3887748:3888588 [1] NCCL INFO Channel 08/0 : 17[1] -> 18[2] via P2P/CUMEM
[c105:1]:c105:3887748:3888588 [1] NCCL INFO Channel 01/0 : 14[2] -> 17[1] [receive] via NET/IB/0/GDRDMA
[c105:1]:c105:3887748:3888588 [1] NCCL INFO Channel 05/0 : 14[2] -> 17[1] [receive] via NET/IB/0/GDRDMA
[c105:1]:c105:3887748:3888588 [1] NCCL INFO Channel 09/0 : 14[2] -> 17[1] [receive] via NET/IB/0/GDRDMA
[c105:1]:c105:3887748:3888588 [1] NCCL INFO Channel 01/0 : 17[1] -> 16[0] via P2P/CUMEM
[c105:1]:c105:3887748:3888588 [1] NCCL INFO Channel 02/0 : 17[1] -> 16[0] via P2P/CUMEM
[c105:1]:c105:3887748:3888588 [1] NCCL INFO Channel 03/0 : 17[1] -> 16[0] via P2P/CUMEM
[c105:1]:c105:3887748:3888588 [1] NCCL INFO Channel 05/0 : 17[1] -> 16[0] via P2P/CUMEM
[c105:1]:c105:3887748:3888588 [1] NCCL INFO Channel 06/0 : 17[1] -> 16[0] via P2P/CUMEM
[c105:1]:c105:3887748:3888588 [1] NCCL INFO Channel 07/0 : 17[1] -> 16[0] via P2P/CUMEM
[c105:1]:c105:3887748:3888588 [1] NCCL INFO Channel 09/0 : 17[1] -> 16[0] via P2P/CUMEM
[c105:1]:c105:3887748:3888588 [1] NCCL INFO Channel 10/0 : 17[1] -> 16[0] via P2P/CUMEM
[c105:3]:c105:3887750:3888587 [3] NCCL INFO comm 0xe4543d0 rank 19 nRanks 32 nNodes 8 localRanks 4 localRank 3 MNNVL 0
[c105:3]:c105:3887750:3888587 [3] NCCL INFO NCCL_MIN_NCHANNELS set by environment to 11.
[c105:3]:c105:3887750:3888587 [3] NCCL INFO Trees [0] -1/-1/-1->19->18 [1] 16/-1/-1->19->18 [2] -1/-1/-1->19->17 [3] 16/11/27->19->3 [4] -1/-1/-1->19->18 [5] 16/-1/-1->19->18 [6] -1/-1/-1->19->17 [7] 16/-1/-1->19->23 [8] -1/-1/-1->19->18 [9] 16/-1/-1->19->18 [10] -1/-1/-1->19->17
[c105:3]:c105:3887750:3888587 [3] NCCL INFO P2P Chunksize set to 131072
[c105:3]:c105:3887750:3888587 [3] NCCL INFO Channel 00/0 : 19[3] -> 20[0] [send] via NET/IB/1(16)/GDRDMA
[c105:3]:c105:3887750:3888587 [3] NCCL INFO Channel 04/0 : 19[3] -> 20[0] [send] via NET/IB/1(16)/GDRDMA
[c105:3]:c105:3887750:3888587 [3] NCCL INFO Channel 08/0 : 19[3] -> 20[0] [send] via NET/IB/1(16)/GDRDMA
[c105:2]:c105:3887749:3888589 [2] NCCL INFO Channel 02/0 : 18[2] -> 17[1] via P2P/CUMEM
[c105:2]:c105:3887749:3888589 [2] NCCL INFO Channel 03/0 : 18[2] -> 17[1] via P2P/CUMEM
[c105:2]:c105:3887749:3888589 [2] NCCL INFO Channel 06/0 : 18[2] -> 17[1] via P2P/CUMEM
[c105:2]:c105:3887749:3888589 [2] NCCL INFO Channel 07/0 : 18[2] -> 17[1] via P2P/CUMEM
[c105:2]:c105:3887749:3888589 [2] NCCL INFO Channel 10/0 : 18[2] -> 17[1] via P2P/CUMEM
[c105:0]:c105:3887747:3888581 [0] NCCL INFO Channel 03/0 : 16[0] -> 23[3] [send] via NET/IB/2(19)/GDRDMA
[c105:0]:c105:3887747:3888581 [0] NCCL INFO Channel 07/0 : 16[0] -> 23[3] [send] via NET/IB/2(19)/GDRDMA
[c105:0]:c105:3887747:3888609 [0] NCCL INFO NCCL_IB_PKEY set by environment to 2.
[c105:3]:c105:3887750:3888587 [3] NCCL INFO Channel 02/0 : 19[3] -> 22[2] [send] via NET/IB/3(18)/GDRDMA
[c105:3]:c105:3887750:3888587 [3] NCCL INFO Channel 06/0 : 19[3] -> 22[2] [send] via NET/IB/3(18)/GDRDMA
[c105:3]:c105:3887750:3888587 [3] NCCL INFO Channel 10/0 : 19[3] -> 22[2] [send] via NET/IB/3(18)/GDRDMA
[c105:3]:c105:3887750:3888587 [3] NCCL INFO Channel 03/0 : 12[0] -> 19[3] [receive] via NET/IB/2/GDRDMA
[c105:3]:c105:3887750:3888587 [3] NCCL INFO Channel 07/0 : 12[0] -> 19[3] [receive] via NET/IB/2/GDRDMA
[c105:3]:c105:3887750:3888587 [3] NCCL INFO Channel 01/0 : 19[3] -> 18[2] via P2P/CUMEM
[c105:3]:c105:3887750:3888587 [3] NCCL INFO Channel 03/0 : 19[3] -> 18[2] via P2P/CUMEM
[c105:3]:c105:3887750:3888587 [3] NCCL INFO Channel 05/0 : 19[3] -> 18[2] via P2P/CUMEM
[c105:3]:c105:3887750:3888587 [3] NCCL INFO Channel 07/0 : 19[3] -> 18[2] via P2P/CUMEM
[c105:3]:c105:3887750:3888587 [3] NCCL INFO Channel 09/0 : 19[3] -> 18[2] via P2P/CUMEM
[c105:0]:c105:3887747:3888609 [0] NCCL INFO NCCL_IB_RETRY_CNT set by environment to 10.
[c105:2]:c105:3887749:3888603 [2] NCCL INFO NCCL_IB_PKEY set by environment to 2.
[c105:2]:c105:3887749:3888603 [2] NCCL INFO NCCL_IB_RETRY_CNT set by environment to 10.
[c105:1]:c105:3887748:3888607 [1] NCCL INFO NCCL_IB_PKEY set by environment to 2.
[c105:1]:c105:3887748:3888607 [1] NCCL INFO NCCL_IB_RETRY_CNT set by environment to 10.
[c105:3]:c105:3887750:3888605 [3] NCCL INFO NCCL_IB_PKEY set by environment to 2.
[c105:3]:c105:3887750:3888605 [3] NCCL INFO NCCL_IB_RETRY_CNT set by environment to 10.
[c105:2]:c105:3887749:3888589 [2] NCCL INFO Connected all rings
[c105:0]:c105:3887747:3888581 [0] NCCL INFO Connected all rings
[c105:0]:c105:3887747:3888581 [0] NCCL INFO Channel 02/0 : 16[0] -> 17[1] via P2P/CUMEM
[c105:1]:c105:3887748:3888588 [1] NCCL INFO Connected all rings
[c105:3]:c105:3887750:3888587 [3] NCCL INFO Connected all rings
[c105:2]:c105:3887749:3888589 [2] NCCL INFO Channel 01/0 : 18[2] -> 19[3] via P2P/CUMEM
[c105:2]:c105:3887749:3888589 [2] NCCL INFO Channel 05/0 : 18[2] -> 19[3] via P2P/CUMEM
[c105:2]:c105:3887749:3888589 [2] NCCL INFO Channel 09/0 : 18[2] -> 19[3] via P2P/CUMEM
[c105:2]:c105:3887749:3888589 [2] NCCL INFO Channel 06/0 : 18[2] -> 22[2] [send] via NET/IB/3/GDRDMA
[c105:0]:c105:3887747:3888581 [0] NCCL INFO Channel 06/0 : 16[0] -> 17[1] via P2P/CUMEM
[c105:0]:c105:3887747:3888581 [0] NCCL INFO Channel 10/0 : 16[0] -> 17[1] via P2P/CUMEM
[c105:0]:c105:3887747:3888581 [0] NCCL INFO Channel 02/0 : 16[0] -> 18[2] via P2P/CUMEM
[c105:0]:c105:3887747:3888581 [0] NCCL INFO Channel 03/0 : 16[0] -> 18[2] via P2P/CUMEM
[c105:0]:c105:3887747:3888581 [0] NCCL INFO Channel 06/0 : 16[0] -> 18[2] via P2P/CUMEM
[c105:0]:c105:3887747:3888581 [0] NCCL INFO Channel 07/0 : 16[0] -> 18[2] via P2P/CUMEM
[c105:0]:c105:3887747:3888581 [0] NCCL INFO Channel 10/0 : 16[0] -> 18[2] via P2P/CUMEM
[c105:0]:c105:3887747:3888581 [0] NCCL INFO Channel 03/0 : 16[0] -> 19[3] via P2P/CUMEM
[c105:1]:c105:3887748:3888588 [1] NCCL INFO Channel 01/0 : 17[1] -> 18[2] via P2P/CUMEM
[c105:1]:c105:3887748:3888588 [1] NCCL INFO Channel 03/0 : 17[1] -> 18[2] via P2P/CUMEM
[c105:1]:c105:3887748:3888588 [1] NCCL INFO Channel 05/0 : 17[1] -> 18[2] via P2P/CUMEM
[c105:1]:c105:3887748:3888588 [1] NCCL INFO Channel 07/0 : 17[1] -> 18[2] via P2P/CUMEM
[c105:1]:c105:3887748:3888588 [1] NCCL INFO Channel 09/0 : 17[1] -> 18[2] via P2P/CUMEM
[c105:1]:c105:3887748:3888588 [1] NCCL INFO Channel 02/0 : 17[1] -> 19[3] via P2P/CUMEM
[c105:1]:c105:3887748:3888588 [1] NCCL INFO Channel 06/0 : 17[1] -> 19[3] via P2P/CUMEM
[c105:1]:c105:3887748:3888588 [1] NCCL INFO Channel 10/0 : 17[1] -> 19[3] via P2P/CUMEM
[c105:1]:c105:3887748:3888588 [1] NCCL INFO Channel 05/0 : 17[1] -> 21[1] [send] via NET/IB/0/GDRDMA
[c105:3]:c105:3887750:3888587 [3] NCCL INFO Channel 07/0 : 19[3] -> 23[3] [send] via NET/IB/2/GDRDMA
[c105:0]:c105:3887747:3888581 [0] NCCL INFO Channel 07/0 : 16[0] -> 19[3] via P2P/CUMEM
[c105:0]:c105:3887747:3888581 [0] NCCL INFO Channel 04/0 : 16[0] -> 20[0] [send] via NET/IB/1/GDRDMA
[c126:2]:c126:2146017:2146851 [2] NCCL INFO Channel 08/0 : 22[2] -> 23[3] via P2P/CUMEM
[c126:0]:c126:2146015:2146847 [0] NCCL INFO comm 0xe058680 rank 20 nRanks 32 nNodes 8 localRanks 4 localRank 0 MNNVL 0
[c126:0]:c126:2146015:2146847 [0] NCCL INFO NCCL_MIN_NCHANNELS set by environment to 11.
[c126:0]:c126:2146015:2146847 [0] NCCL INFO Trees [0] 21/-1/-1->20->24 [1] -1/-1/-1->20->23 [2] 21/-1/-1->20->22 [3] 22/-1/-1->20->23 [4] 21/24/16->20->12 [5] -1/-1/-1->20->23 [6] 21/-1/-1->20->22 [7] 22/-1/-1->20->23 [8] 21/-1/-1->20->24 [9] -1/-1/-1->20->23 [10] 21/-1/-1->20->22
[c126:0]:c126:2146015:2146847 [0] NCCL INFO P2P Chunksize set to 131072
[c126:0]:c126:2146015:2146847 [0] NCCL INFO Channel 00/0 : 19[3] -> 20[0] [receive] via NET/IB/1/GDRDMA
[c126:0]:c126:2146015:2146847 [0] NCCL INFO Channel 04/0 : 19[3] -> 20[0] [receive] via NET/IB/1/GDRDMA
[c126:0]:c126:2146015:2146847 [0] NCCL INFO Channel 08/0 : 19[3] -> 20[0] [receive] via NET/IB/1/GDRDMA
[c126:0]:c126:2146015:2146847 [0] NCCL INFO Channel 00/0 : 20[0] -> 21[1] via P2P/CUMEM
[c126:0]:c126:2146015:2146847 [0] NCCL INFO Channel 04/0 : 20[0] -> 21[1] via P2P/CUMEM
[c126:0]:c126:2146015:2146847 [0] NCCL INFO Channel 08/0 : 20[0] -> 21[1] via P2P/CUMEM
[c126:3]:c126:2146018:2146852 [3] NCCL INFO Channel 02/0 : 23[3] -> 26[2] [send] via NET/IB/3(22)/GDRDMA
[c126:3]:c126:2146018:2146852 [3] NCCL INFO Channel 06/0 : 23[3] -> 26[2] [send] via NET/IB/3(22)/GDRDMA
[c126:3]:c126:2146018:2146852 [3] NCCL INFO Channel 10/0 : 23[3] -> 26[2] [send] via NET/IB/3(22)/GDRDMA
[c126:3]:c126:2146018:2146852 [3] NCCL INFO Channel 03/0 : 16[0] -> 23[3] [receive] via NET/IB/2/GDRDMA
[c126:3]:c126:2146018:2146852 [3] NCCL INFO Channel 07/0 : 16[0] -> 23[3] [receive] via NET/IB/2/GDRDMA
[c126:3]:c126:2146018:2146852 [3] NCCL INFO Channel 01/0 : 23[3] -> 22[2] via P2P/CUMEM
[c126:3]:c126:2146018:2146852 [3] NCCL INFO Channel 03/0 : 23[3] -> 22[2] via P2P/CUMEM
[c126:3]:c126:2146018:2146852 [3] NCCL INFO Channel 05/0 : 23[3] -> 22[2] via P2P/CUMEM
[c126:3]:c126:2146018:2146852 [3] NCCL INFO Channel 07/0 : 23[3] -> 22[2] via P2P/CUMEM
[c126:1]:c126:2146016:2146854 [1] NCCL INFO Channel 01/0 : 18[2] -> 21[1] [receive] via NET/IB/0/GDRDMA
[c126:1]:c126:2146016:2146854 [1] NCCL INFO Channel 05/0 : 18[2] -> 21[1] [receive] via NET/IB/0/GDRDMA
[c126:1]:c126:2146016:2146854 [1] NCCL INFO Channel 09/0 : 18[2] -> 21[1] [receive] via NET/IB/0/GDRDMA
[c126:1]:c126:2146016:2146854 [1] NCCL INFO Channel 01/0 : 21[1] -> 20[0] via P2P/CUMEM
[c126:1]:c126:2146016:2146854 [1] NCCL INFO Channel 02/0 : 21[1] -> 20[0] via P2P/CUMEM
[c126:1]:c126:2146016:2146854 [1] NCCL INFO Channel 03/0 : 21[1] -> 20[0] via P2P/CUMEM
[c126:1]:c126:2146016:2146854 [1] NCCL INFO Channel 05/0 : 21[1] -> 20[0] via P2P/CUMEM
[c126:1]:c126:2146016:2146854 [1] NCCL INFO Channel 06/0 : 21[1] -> 20[0] via P2P/CUMEM
[c126:1]:c126:2146016:2146854 [1] NCCL INFO Channel 07/0 : 21[1] -> 20[0] via P2P/CUMEM
[c126:1]:c126:2146016:2146854 [1] NCCL INFO Channel 09/0 : 21[1] -> 20[0] via P2P/CUMEM
[c126:1]:c126:2146016:2146854 [1] NCCL INFO Channel 10/0 : 21[1] -> 20[0] via P2P/CUMEM
[c126:2]:c126:2146017:2146851 [2] NCCL INFO Channel 02/0 : 19[3] -> 22[2] [receive] via NET/IB/3/GDRDMA
[c126:2]:c126:2146017:2146851 [2] NCCL INFO Channel 06/0 : 19[3] -> 22[2] [receive] via NET/IB/3/GDRDMA
[c126:2]:c126:2146017:2146851 [2] NCCL INFO Channel 10/0 : 19[3] -> 22[2] [receive] via NET/IB/3/GDRDMA
[c126:2]:c126:2146017:2146851 [2] NCCL INFO Channel 01/0 : 22[2] -> 25[1] [send] via NET/IB/0(21)/GDRDMA
[c126:2]:c126:2146017:2146851 [2] NCCL INFO Channel 05/0 : 22[2] -> 25[1] [send] via NET/IB/0(21)/GDRDMA
[c126:2]:c126:2146017:2146851 [2] NCCL INFO Channel 09/0 : 22[2] -> 25[1] [send] via NET/IB/0(21)/GDRDMA
[c126:2]:c126:2146017:2146851 [2] NCCL INFO Channel 02/0 : 22[2] -> 21[1] via P2P/CUMEM
[c126:2]:c126:2146017:2146851 [2] NCCL INFO Channel 03/0 : 22[2] -> 21[1] via P2P/CUMEM
[c126:2]:c126:2146017:2146851 [2] NCCL INFO Channel 06/0 : 22[2] -> 21[1] via P2P/CUMEM
[c126:2]:c126:2146017:2146851 [2] NCCL INFO Channel 07/0 : 22[2] -> 21[1] via P2P/CUMEM
[c126:2]:c126:2146017:2146851 [2] NCCL INFO Channel 10/0 : 22[2] -> 21[1] via P2P/CUMEM
[c126:0]:c126:2146015:2146847 [0] NCCL INFO Channel 01/0 : 20[0] -> 23[3] via P2P/CUMEM
[c126:0]:c126:2146015:2146847 [0] NCCL INFO Channel 02/0 : 20[0] -> 23[3] via P2P/CUMEM
[c126:0]:c126:2146015:2146847 [0] NCCL INFO Channel 05/0 : 20[0] -> 23[3] via P2P/CUMEM
[c126:0]:c126:2146015:2146847 [0] NCCL INFO Channel 06/0 : 20[0] -> 23[3] via P2P/CUMEM
[c126:0]:c126:2146015:2146847 [0] NCCL INFO Channel 09/0 : 20[0] -> 23[3] via P2P/CUMEM
[c126:0]:c126:2146015:2146847 [0] NCCL INFO Channel 10/0 : 20[0] -> 23[3] via P2P/CUMEM
[c126:0]:c126:2146015:2146847 [0] NCCL INFO Channel 03/0 : 20[0] -> 27[3] [send] via NET/IB/2(23)/GDRDMA
[c126:0]:c126:2146015:2146847 [0] NCCL INFO Channel 07/0 : 20[0] -> 27[3] [send] via NET/IB/2(23)/GDRDMA
[c126:3]:c126:2146018:2146852 [3] NCCL INFO Channel 09/0 : 23[3] -> 22[2] via P2P/CUMEM
[c126:0]:c126:2146015:2146873 [0] NCCL INFO NCCL_IB_PKEY set by environment to 2.
[c126:0]:c126:2146015:2146873 [0] NCCL INFO NCCL_IB_RETRY_CNT set by environment to 10.
[c126:1]:c126:2146016:2146869 [1] NCCL INFO NCCL_IB_PKEY set by environment to 2.
[c126:1]:c126:2146016:2146869 [1] NCCL INFO NCCL_IB_RETRY_CNT set by environment to 10.
[c126:2]:c126:2146017:2146871 [2] NCCL INFO NCCL_IB_PKEY set by environment to 2.
[c126:2]:c126:2146017:2146871 [2] NCCL INFO NCCL_IB_RETRY_CNT set by environment to 10.
[c126:3]:c126:2146018:2146875 [3] NCCL INFO NCCL_IB_PKEY set by environment to 2.
[c126:3]:c126:2146018:2146875 [3] NCCL INFO NCCL_IB_RETRY_CNT set by environment to 10.
[c126:3]:c126:2146018:2146852 [3] NCCL INFO Connected all rings
[c126:1]:c126:2146016:2146854 [1] NCCL INFO Connected all rings
[c126:1]:c126:2146016:2146854 [1] NCCL INFO Channel 01/0 : 21[1] -> 22[2] via P2P/CUMEM
[c126:0]:c126:2146015:2146847 [0] NCCL INFO Connected all rings
[c126:0]:c126:2146015:2146847 [0] NCCL INFO Channel 02/0 : 20[0] -> 21[1] via P2P/CUMEM
[c126:0]:c126:2146015:2146847 [0] NCCL INFO Channel 06/0 : 20[0] -> 21[1] via P2P/CUMEM
[c126:0]:c126:2146015:2146847 [0] NCCL INFO Channel 10/0 : 20[0] -> 21[1] via P2P/CUMEM
[c126:2]:c126:2146017:2146851 [2] NCCL INFO Connected all rings
[c126:1]:c126:2146016:2146854 [1] NCCL INFO Channel 03/0 : 21[1] -> 22[2] via P2P/CUMEM
[c126:1]:c126:2146016:2146854 [1] NCCL INFO Channel 05/0 : 21[1] -> 22[2] via P2P/CUMEM
[c126:1]:c126:2146016:2146854 [1] NCCL INFO Channel 07/0 : 21[1] -> 22[2] via P2P/CUMEM
[c126:1]:c126:2146016:2146854 [1] NCCL INFO Channel 09/0 : 21[1] -> 22[2] via P2P/CUMEM
[c126:1]:c126:2146016:2146854 [1] NCCL INFO Channel 02/0 : 21[1] -> 23[3] via P2P/CUMEM
[c126:1]:c126:2146016:2146854 [1] NCCL INFO Channel 06/0 : 21[1] -> 23[3] via P2P/CUMEM
[c126:1]:c126:2146016:2146854 [1] NCCL INFO Channel 10/0 : 21[1] -> 23[3] via P2P/CUMEM
[c126:0]:c126:2146015:2146847 [0] NCCL INFO Channel 02/0 : 20[0] -> 22[2] via P2P/CUMEM
[c126:0]:c126:2146015:2146847 [0] NCCL INFO Channel 03/0 : 20[0] -> 22[2] via P2P/CUMEM
[c126:2]:c126:2146017:2146851 [2] NCCL INFO Channel 01/0 : 22[2] -> 23[3] via P2P/CUMEM
[c126:2]:c126:2146017:2146851 [2] NCCL INFO Channel 05/0 : 22[2] -> 23[3] via P2P/CUMEM
[c126:2]:c126:2146017:2146851 [2] NCCL INFO Channel 09/0 : 22[2] -> 23[3] via P2P/CUMEM
[c126:0]:c126:2146015:2146847 [0] NCCL INFO Channel 06/0 : 20[0] -> 22[2] via P2P/CUMEM
[c126:0]:c126:2146015:2146847 [0] NCCL INFO Channel 07/0 : 20[0] -> 22[2] via P2P/CUMEM
[c126:0]:c126:2146015:2146847 [0] NCCL INFO Channel 10/0 : 20[0] -> 22[2] via P2P/CUMEM
[c126:3]:c126:2146018:2146852 [3] NCCL INFO Channel 07/0 : 19[3] -> 23[3] [receive] via NET/IB/2/GDRDMA
[c126:3]:c126:2146018:2146852 [3] NCCL INFO Channel 03/0 : 23[3] -> 27[3] [send] via NET/IB/2/GDRDMA
[c126:3]:c126:2146018:2146852 [3] NCCL INFO Channel 07/0 : 23[3] -> 27[3] [send] via NET/IB/2/GDRDMA
[c126:3]:c126:2146018:2146852 [3] NCCL INFO Channel 07/0 : 15[3] -> 23[3] [receive] via NET/IB/2/GDRDMA
[c126:1]:c126:2146016:2146854 [1] NCCL INFO Channel 05/0 : 17[1] -> 21[1] [receive] via NET/IB/0/GDRDMA
[c126:1]:c126:2146016:2146854 [1] NCCL INFO Channel 01/0 : 21[1] -> 25[1] [send] via NET/IB/0/GDRDMA
[c29:2]:c29:3284018:3285129 [2] NCCL INFO Channel 02/0 : 7[3] -> 10[2] [receive] via NET/IB/3/GDRDMA
[c29:2]:c29:3284018:3285129 [2] NCCL INFO Channel 06/0 : 7[3] -> 10[2] [receive] via NET/IB/3/GDRDMA
[c29:2]:c29:3284018:3285129 [2] NCCL INFO Channel 10/0 : 7[3] -> 10[2] [receive] via NET/IB/3/GDRDMA
[c29:2]:c29:3284018:3285129 [2] NCCL INFO Channel 01/0 : 10[2] -> 13[1] [send] via NET/IB/0(9)/GDRDMA
[c29:2]:c29:3284018:3285129 [2] NCCL INFO Channel 05/0 : 10[2] -> 13[1] [send] via NET/IB/0(9)/GDRDMA
[c29:2]:c29:3284018:3285129 [2] NCCL INFO Channel 09/0 : 10[2] -> 13[1] [send] via NET/IB/0(9)/GDRDMA
[c29:2]:c29:3284018:3285129 [2] NCCL INFO Channel 02/0 : 10[2] -> 9[1] via P2P/CUMEM
[c29:2]:c29:3284018:3285129 [2] NCCL INFO Channel 03/0 : 10[2] -> 9[1] via P2P/CUMEM
[c29:2]:c29:3284018:3285129 [2] NCCL INFO Channel 06/0 : 10[2] -> 9[1] via P2P/CUMEM
[c29:2]:c29:3284018:3285129 [2] NCCL INFO Channel 07/0 : 10[2] -> 9[1] via P2P/CUMEM
[c29:2]:c29:3284018:3285129 [2] NCCL INFO Channel 10/0 : 10[2] -> 9[1] via P2P/CUMEM
[c29:0]:c29:3284016:3285123 [0] NCCL INFO comm 0xdff31e0 rank 8 nRanks 32 nNodes 8 localRanks 4 localRank 0 MNNVL 0
[c29:0]:c29:3284016:3285123 [0] NCCL INFO NCCL_MIN_NCHANNELS set by environment to 11.
[c29:0]:c29:3284016:3285123 [0] NCCL INFO Trees [0] 9/4/12->8->16 [1] -1/-1/-1->8->11 [2] 9/-1/-1->8->10 [3] 10/-1/-1->8->11 [4] 9/-1/-1->8->4 [5] -1/-1/-1->8->11 [6] 9/-1/-1->8->10 [7] 10/-1/-1->8->11 [8] 9/4/12->8->16 [9] -1/-1/-1->8->11 [10] 9/-1/-1->8->10
[c29:0]:c29:3284016:3285123 [0] NCCL INFO P2P Chunksize set to 131072
[c29:0]:c29:3284016:3285123 [0] NCCL INFO Channel 00/0 : 7[3] -> 8[0] [receive] via NET/IB/1/GDRDMA
[c29:0]:c29:3284016:3285123 [0] NCCL INFO Channel 04/0 : 7[3] -> 8[0] [receive] via NET/IB/1/GDRDMA
[c29:0]:c29:3284016:3285123 [0] NCCL INFO Channel 08/0 : 7[3] -> 8[0] [receive] via NET/IB/1/GDRDMA
[c29:0]:c29:3284016:3285123 [0] NCCL INFO Channel 00/0 : 8[0] -> 9[1] via P2P/CUMEM
[c29:0]:c29:3284016:3285123 [0] NCCL INFO Channel 04/0 : 8[0] -> 9[1] via P2P/CUMEM
[c29:0]:c29:3284016:3285123 [0] NCCL INFO Channel 08/0 : 8[0] -> 9[1] via P2P/CUMEM
[c29:0]:c29:3284016:3285123 [0] NCCL INFO Channel 01/0 : 8[0] -> 11[3] via P2P/CUMEM
[c29:0]:c29:3284016:3285123 [0] NCCL INFO Channel 02/0 : 8[0] -> 11[3] via P2P/CUMEM
[c29:0]:c29:3284016:3285123 [0] NCCL INFO Channel 05/0 : 8[0] -> 11[3] via P2P/CUMEM
[c29:0]:c29:3284016:3285123 [0] NCCL INFO Channel 06/0 : 8[0] -> 11[3] via P2P/CUMEM
[c29:0]:c29:3284016:3285123 [0] NCCL INFO Channel 09/0 : 8[0] -> 11[3] via P2P/CUMEM
[c29:0]:c29:3284016:3285123 [0] NCCL INFO Channel 10/0 : 8[0] -> 11[3] via P2P/CUMEM
[c29:0]:c29:3284016:3285123 [0] NCCL INFO Channel 03/0 : 8[0] -> 15[3] [send] via NET/IB/2(11)/GDRDMA
[c29:0]:c29:3284016:3285123 [0] NCCL INFO Channel 07/0 : 8[0] -> 15[3] [send] via NET/IB/2(11)/GDRDMA
[c29:0]:c29:3284016:3285144 [0] NCCL INFO NCCL_IB_PKEY set by environment to 2.
[c29:3]:c29:3284019:3285130 [3] NCCL INFO comm 0xdc3e4e0 rank 11 nRanks 32 nNodes 8 localRanks 4 localRank 3 MNNVL 0
[c29:3]:c29:3284019:3285130 [3] NCCL INFO NCCL_MIN_NCHANNELS set by environment to 11.
[c29:3]:c29:3284019:3285130 [3] NCCL INFO Trees [0] -1/-1/-1->11->10 [1] 8/-1/-1->11->10 [2] -1/-1/-1->11->9 [3] 8/7/15->11->19 [4] -1/-1/-1->11->10 [5] 8/-1/-1->11->10 [6] -1/-1/-1->11->9 [7] 8/-1/-1->11->7 [8] -1/-1/-1->11->10 [9] 8/-1/-1->11->10 [10] -1/-1/-1->11->9
[c29:3]:c29:3284019:3285130 [3] NCCL INFO P2P Chunksize set to 131072
[c29:3]:c29:3284019:3285130 [3] NCCL INFO Channel 00/0 : 11[3] -> 12[0] [send] via NET/IB/1(8)/GDRDMA
[c29:3]:c29:3284019:3285130 [3] NCCL INFO Channel 04/0 : 11[3] -> 12[0] [send] via NET/IB/1(8)/GDRDMA
[c29:3]:c29:3284019:3285130 [3] NCCL INFO Channel 08/0 : 11[3] -> 12[0] [send] via NET/IB/1(8)/GDRDMA
[c29:3]:c29:3284019:3285130 [3] NCCL INFO Channel 02/0 : 11[3] -> 14[2] [send] via NET/IB/3(10)/GDRDMA
[c29:3]:c29:3284019:3285130 [3] NCCL INFO Channel 06/0 : 11[3] -> 14[2] [send] via NET/IB/3(10)/GDRDMA
[c29:3]:c29:3284019:3285130 [3] NCCL INFO Channel 10/0 : 11[3] -> 14[2] [send] via NET/IB/3(10)/GDRDMA
[c28:1]:c28:1020504:1021618 [1] NCCL INFO Channel 01/0 : 2[2] -> 5[1] [receive] via NET/IB/0/GDRDMA
[c28:1]:c28:1020504:1021618 [1] NCCL INFO Channel 05/0 : 2[2] -> 5[1] [receive] via NET/IB/0/GDRDMA
[c28:1]:c28:1020504:1021618 [1] NCCL INFO Channel 09/0 : 2[2] -> 5[1] [receive] via NET/IB/0/GDRDMA
[c28:1]:c28:1020504:1021618 [1] NCCL INFO Channel 01/0 : 5[1] -> 4[0] via P2P/CUMEM
[c28:1]:c28:1020504:1021618 [1] NCCL INFO Channel 02/0 : 5[1] -> 4[0] via P2P/CUMEM
[c28:1]:c28:1020504:1021618 [1] NCCL INFO Channel 03/0 : 5[1] -> 4[0] via P2P/CUMEM
[c28:1]:c28:1020504:1021618 [1] NCCL INFO Channel 05/0 : 5[1] -> 4[0] via P2P/CUMEM
[c28:1]:c28:1020504:1021618 [1] NCCL INFO Channel 06/0 : 5[1] -> 4[0] via P2P/CUMEM
[c28:1]:c28:1020504:1021618 [1] NCCL INFO Channel 07/0 : 5[1] -> 4[0] via P2P/CUMEM
[c28:1]:c28:1020504:1021618 [1] NCCL INFO Channel 09/0 : 5[1] -> 4[0] via P2P/CUMEM
[c28:1]:c28:1020504:1021618 [1] NCCL INFO Channel 10/0 : 5[1] -> 4[0] via P2P/CUMEM
[c29:3]:c29:3284019:3285130 [3] NCCL INFO Channel 03/0 : 4[0] -> 11[3] [receive] via NET/IB/2/GDRDMA
[c29:3]:c29:3284019:3285130 [3] NCCL INFO Channel 07/0 : 4[0] -> 11[3] [receive] via NET/IB/2/GDRDMA
[c29:3]:c29:3284019:3285130 [3] NCCL INFO Channel 01/0 : 11[3] -> 10[2] via P2P/CUMEM
[c29:3]:c29:3284019:3285130 [3] NCCL INFO Channel 03/0 : 11[3] -> 10[2] via P2P/CUMEM
[c29:3]:c29:3284019:3285130 [3] NCCL INFO Channel 05/0 : 11[3] -> 10[2] via P2P/CUMEM
[c29:3]:c29:3284019:3285130 [3] NCCL INFO Channel 07/0 : 11[3] -> 10[2] via P2P/CUMEM
[c29:3]:c29:3284019:3285130 [3] NCCL INFO Channel 09/0 : 11[3] -> 10[2] via P2P/CUMEM
[c29:2]:c29:3284018:3285150 [2] NCCL INFO NCCL_IB_PKEY set by environment to 2.
[c29:2]:c29:3284018:3285150 [2] NCCL INFO NCCL_IB_RETRY_CNT set by environment to 10.
[c29:0]:c29:3284016:3285144 [0] NCCL INFO NCCL_IB_RETRY_CNT set by environment to 10.
[c29:1]:c29:3284017:3285146 [1] NCCL INFO NCCL_IB_PKEY set by environment to 2.
[c28:3]:c28:1020506:1021616 [3] NCCL INFO comm 0xe62a0f0 rank 7 nRanks 32 nNodes 8 localRanks 4 localRank 3 MNNVL 0
[c28:3]:c28:1020506:1021616 [3] NCCL INFO NCCL_MIN_NCHANNELS set by environment to 11.
[c28:3]:c28:1020506:1021616 [3] NCCL INFO Trees [0] -1/-1/-1->7->6 [1] 4/-1/-1->7->6 [2] -1/-1/-1->7->5 [3] 4/-1/-1->7->11 [4] -1/-1/-1->7->6 [5] 4/-1/-1->7->6 [6] -1/-1/-1->7->5 [7] 4/11/3->7->15 [8] -1/-1/-1->7->6 [9] 4/-1/-1->7->6 [10] -1/-1/-1->7->5
[c28:3]:c28:1020506:1021616 [3] NCCL INFO P2P Chunksize set to 131072
[c28:3]:c28:1020506:1021616 [3] NCCL INFO Channel 00/0 : 7[3] -> 8[0] [send] via NET/IB/1(4)/GDRDMA
[c28:3]:c28:1020506:1021616 [3] NCCL INFO Channel 04/0 : 7[3] -> 8[0] [send] via NET/IB/1(4)/GDRDMA
[c28:3]:c28:1020506:1021616 [3] NCCL INFO Channel 08/0 : 7[3] -> 8[0] [send] via NET/IB/1(4)/GDRDMA
[c28:3]:c28:1020506:1021616 [3] NCCL INFO Channel 02/0 : 7[3] -> 10[2] [send] via NET/IB/3(6)/GDRDMA
[c29:1]:c29:3284017:3285146 [1] NCCL INFO NCCL_IB_RETRY_CNT set by environment to 10.
[c29:3]:c29:3284019:3285148 [3] NCCL INFO NCCL_IB_PKEY set by environment to 2.
[c29:3]:c29:3284019:3285148 [3] NCCL INFO NCCL_IB_RETRY_CNT set by environment to 10.
[c29:2]:c29:3284018:3285129 [2] NCCL INFO Connected all rings
[c29:2]:c29:3284018:3285129 [2] NCCL INFO Channel 01/0 : 10[2] -> 11[3] via P2P/CUMEM
[c29:2]:c29:3284018:3285129 [2] NCCL INFO Channel 05/0 : 10[2] -> 11[3] via P2P/CUMEM
[c29:2]:c29:3284018:3285129 [2] NCCL INFO Channel 09/0 : 10[2] -> 11[3] via P2P/CUMEM
[c29:3]:c29:3284019:3285130 [3] NCCL INFO Connected all rings
[c29:0]:c29:3284016:3285123 [0] NCCL INFO Connected all rings
[c29:0]:c29:3284016:3285123 [0] NCCL INFO Channel 02/0 : 8[0] -> 9[1] via P2P/CUMEM
[c29:1]:c29:3284017:3285131 [1] NCCL INFO Connected all rings
[c29:1]:c29:3284017:3285131 [1] NCCL INFO Channel 01/0 : 9[1] -> 10[2] via P2P/CUMEM
[c29:0]:c29:3284016:3285123 [0] NCCL INFO Channel 06/0 : 8[0] -> 9[1] via P2P/CUMEM
[c28:3]:c28:1020506:1021616 [3] NCCL INFO Channel 06/0 : 7[3] -> 10[2] [send] via NET/IB/3(6)/GDRDMA
[c28:3]:c28:1020506:1021616 [3] NCCL INFO Channel 10/0 : 7[3] -> 10[2] [send] via NET/IB/3(6)/GDRDMA
[c28:3]:c28:1020506:1021616 [3] NCCL INFO Channel 03/0 : 0[0] -> 7[3] [receive] via NET/IB/2/GDRDMA
[c28:3]:c28:1020506:1021616 [3] NCCL INFO Channel 07/0 : 0[0] -> 7[3] [receive] via NET/IB/2/GDRDMA
[c28:3]:c28:1020506:1021616 [3] NCCL INFO Channel 01/0 : 7[3] -> 6[2] via P2P/CUMEM
[c28:2]:c28:1020505:1021617 [2] NCCL INFO comm 0xd71a1d0 rank 6 nRanks 32 nNodes 8 localRanks 4 localRank 2 MNNVL 0
[c28:2]:c28:1020505:1021617 [2] NCCL INFO NCCL_MIN_NCHANNELS set by environment to 11.
[c28:2]:c28:1020505:1021617 [2] NCCL INFO Trees [0] 7/-1/-1->6->5 [1] 7/-1/-1->6->5 [2] 4/-1/-1->6->10 [3] 5/-1/-1->6->4 [4] 7/-1/-1->6->5 [5] 7/-1/-1->6->5 [6] 4/10/2->6->14 [7] 5/-1/-1->6->4 [8] 7/-1/-1->6->5 [9] 7/-1/-1->6->5 [10] 4/-1/-1->6->10
[c28:2]:c28:1020505:1021617 [2] NCCL INFO P2P Chunksize set to 131072
[c29:0]:c29:3284016:3285123 [0] NCCL INFO Channel 10/0 : 8[0] -> 9[1] via P2P/CUMEM
[c29:1]:c29:3284017:3285131 [1] NCCL INFO Channel 03/0 : 9[1] -> 10[2] via P2P/CUMEM
[c29:1]:c29:3284017:3285131 [1] NCCL INFO Channel 05/0 : 9[1] -> 10[2] via P2P/CUMEM
[c29:1]:c29:3284017:3285131 [1] NCCL INFO Channel 07/0 : 9[1] -> 10[2] via P2P/CUMEM
[c29:1]:c29:3284017:3285131 [1] NCCL INFO Channel 09/0 : 9[1] -> 10[2] via P2P/CUMEM
[c29:1]:c29:3284017:3285131 [1] NCCL INFO Channel 02/0 : 9[1] -> 11[3] via P2P/CUMEM
[c29:1]:c29:3284017:3285131 [1] NCCL INFO Channel 06/0 : 9[1] -> 11[3] via P2P/CUMEM
[c29:1]:c29:3284017:3285131 [1] NCCL INFO Channel 10/0 : 9[1] -> 11[3] via P2P/CUMEM
[c29:0]:c29:3284016:3285123 [0] NCCL INFO Channel 02/0 : 8[0] -> 10[2] via P2P/CUMEM
[c29:0]:c29:3284016:3285123 [0] NCCL INFO Channel 03/0 : 8[0] -> 10[2] via P2P/CUMEM
[c29:2]:c29:3284018:3285129 [2] NCCL INFO Channel 02/0 : 6[2] -> 10[2] [receive] via NET/IB/3/GDRDMA
[c28:2]:c28:1020505:1021617 [2] NCCL INFO Channel 00/0 : 6[2] -> 7[3] via P2P/CUMEM
[c28:2]:c28:1020505:1021617 [2] NCCL INFO Channel 04/0 : 6[2] -> 7[3] via P2P/CUMEM
[c28:2]:c28:1020505:1021617 [2] NCCL INFO Channel 08/0 : 6[2] -> 7[3] via P2P/CUMEM
[c28:2]:c28:1020505:1021617 [2] NCCL INFO Channel 02/0 : 3[3] -> 6[2] [receive] via NET/IB/3/GDRDMA
[c28:2]:c28:1020505:1021617 [2] NCCL INFO Channel 06/0 : 3[3] -> 6[2] [receive] via NET/IB/3/GDRDMA
[c28:2]:c28:1020505:1021617 [2] NCCL INFO Channel 10/0 : 3[3] -> 6[2] [receive] via NET/IB/3/GDRDMA
[c28:2]:c28:1020505:1021617 [2] NCCL INFO Channel 01/0 : 6[2] -> 9[1] [send] via NET/IB/0(5)/GDRDMA
[c28:2]:c28:1020505:1021617 [2] NCCL INFO Channel 05/0 : 6[2] -> 9[1] [send] via NET/IB/0(5)/GDRDMA
[c28:2]:c28:1020505:1021617 [2] NCCL INFO Channel 09/0 : 6[2] -> 9[1] [send] via NET/IB/0(5)/GDRDMA
[c28:2]:c28:1020505:1021617 [2] NCCL INFO Channel 02/0 : 6[2] -> 5[1] via P2P/CUMEM
[c28:2]:c28:1020505:1021617 [2] NCCL INFO Channel 03/0 : 6[2] -> 5[1] via P2P/CUMEM
[c29:2]:c29:3284018:3285129 [2] NCCL INFO Channel 06/0 : 6[2] -> 10[2] [receive] via NET/IB/3/GDRDMA
[c29:2]:c29:3284018:3285129 [2] NCCL INFO Channel 10/0 : 6[2] -> 10[2] [receive] via NET/IB/3/GDRDMA
[c29:2]:c29:3284018:3285129 [2] NCCL INFO Channel 02/0 : 10[2] -> 14[2] [send] via NET/IB/3/GDRDMA
[c29:2]:c29:3284018:3285129 [2] NCCL INFO Channel 10/0 : 10[2] -> 14[2] [send] via NET/IB/3/GDRDMA
[c29:2]:c29:3284018:3285129 [2] NCCL INFO Channel 02/0 : 10[2] -> 18[2] [send] via NET/IB/3/GDRDMA
[c29:2]:c29:3284018:3285129 [2] NCCL INFO Channel 10/0 : 10[2] -> 18[2] [send] via NET/IB/3/GDRDMA
[c29:2]:c29:3284018:3285129 [2] NCCL INFO Channel 02/0 : 18[2] -> 10[2] [receive] via NET/IB/3/GDRDMA
[c29:2]:c29:3284018:3285129 [2] NCCL INFO Channel 10/0 : 18[2] -> 10[2] [receive] via NET/IB/3/GDRDMA
[c29:2]:c29:3284018:3285129 [2] NCCL INFO Channel 02/0 : 14[2] -> 10[2] [receive] via NET/IB/3/GDRDMA
[c29:2]:c29:3284018:3285129 [2] NCCL INFO Channel 10/0 : 14[2] -> 10[2] [receive] via NET/IB/3/GDRDMA
[c28:2]:c28:1020505:1021617 [2] NCCL INFO Channel 06/0 : 6[2] -> 5[1] via P2P/CUMEM
[c28:2]:c28:1020505:1021617 [2] NCCL INFO Channel 07/0 : 6[2] -> 5[1] via P2P/CUMEM
[c29:2]:c29:3284018:3285129 [2] NCCL INFO Channel 02/0 : 10[2] -> 6[2] [send] via NET/IB/3/GDRDMA
[c28:0]:c28:1020503:1021633 [0] NCCL INFO NCCL_IB_PKEY set by environment to 2.
[c28:0]:c28:1020503:1021633 [0] NCCL INFO NCCL_IB_RETRY_CNT set by environment to 10.
[c28:3]:c28:1020506:1021616 [3] NCCL INFO Channel 03/0 : 7[3] -> 6[2] via P2P/CUMEM
[c28:3]:c28:1020506:1021616 [3] NCCL INFO Channel 05/0 : 7[3] -> 6[2] via P2P/CUMEM
[c28:3]:c28:1020506:1021616 [3] NCCL INFO Channel 07/0 : 7[3] -> 6[2] via P2P/CUMEM
[c28:3]:c28:1020506:1021616 [3] NCCL INFO Channel 09/0 : 7[3] -> 6[2] via P2P/CUMEM
[c28:2]:c28:1020505:1021617 [2] NCCL INFO Channel 10/0 : 6[2] -> 5[1] via P2P/CUMEM
[c28:2]:c28:1020505:1021635 [2] NCCL INFO NCCL_IB_PKEY set by environment to 2.
[c28:2]:c28:1020505:1021635 [2] NCCL INFO NCCL_IB_RETRY_CNT set by environment to 10.
[c28:1]:c28:1020504:1021631 [1] NCCL INFO NCCL_IB_PKEY set by environment to 2.
[c28:1]:c28:1020504:1021631 [1] NCCL INFO NCCL_IB_RETRY_CNT set by environment to 10.
[c28:3]:c28:1020506:1021637 [3] NCCL INFO NCCL_IB_PKEY set by environment to 2.
[c29:2]:c29:3284018:3285129 [2] NCCL INFO Channel 06/0 : 10[2] -> 6[2] [send] via NET/IB/3/GDRDMA
[c28:3]:c28:1020506:1021637 [3] NCCL INFO NCCL_IB_RETRY_CNT set by environment to 10.
[c28:0]:c28:1020503:1021610 [0] NCCL INFO Connected all rings
[c28:0]:c28:1020503:1021610 [0] NCCL INFO Channel 02/0 : 4[0] -> 5[1] via P2P/CUMEM
[c28:0]:c28:1020503:1021610 [0] NCCL INFO Channel 06/0 : 4[0] -> 5[1] via P2P/CUMEM
[c28:0]:c28:1020503:1021610 [0] NCCL INFO Channel 10/0 : 4[0] -> 5[1] via P2P/CUMEM
[c28:1]:c28:1020504:1021618 [1] NCCL INFO Connected all rings
[c28:3]:c28:1020506:1021616 [3] NCCL INFO Connected all rings
[c28:2]:c28:1020505:1021617 [2] NCCL INFO Connected all rings
[c28:2]:c28:1020505:1021617 [2] NCCL INFO Channel 01/0 : 6[2] -> 7[3] via P2P/CUMEM
[c28:1]:c28:1020504:1021618 [1] NCCL INFO Channel 01/0 : 5[1] -> 6[2] via P2P/CUMEM
[c28:1]:c28:1020504:1021618 [1] NCCL INFO Channel 03/0 : 5[1] -> 6[2] via P2P/CUMEM
[c28:0]:c28:1020503:1021610 [0] NCCL INFO Channel 02/0 : 4[0] -> 6[2] via P2P/CUMEM
[c28:0]:c28:1020503:1021610 [0] NCCL INFO Channel 03/0 : 4[0] -> 6[2] via P2P/CUMEM
[c28:1]:c28:1020504:1021618 [1] NCCL INFO Channel 05/0 : 5[1] -> 6[2] via P2P/CUMEM
[c28:1]:c28:1020504:1021618 [1] NCCL INFO Channel 07/0 : 5[1] -> 6[2] via P2P/CUMEM
[c28:1]:c28:1020504:1021618 [1] NCCL INFO Channel 09/0 : 5[1] -> 6[2] via P2P/CUMEM
[c28:1]:c28:1020504:1021618 [1] NCCL INFO Channel 02/0 : 5[1] -> 7[3] via P2P/CUMEM
[c28:1]:c28:1020504:1021618 [1] NCCL INFO Channel 06/0 : 5[1] -> 7[3] via P2P/CUMEM
[c28:2]:c28:1020505:1021617 [2] NCCL INFO Channel 05/0 : 6[2] -> 7[3] via P2P/CUMEM
[c28:2]:c28:1020505:1021617 [2] NCCL INFO Channel 09/0 : 6[2] -> 7[3] via P2P/CUMEM
[c28:0]:c28:1020503:1021610 [0] NCCL INFO Channel 06/0 : 4[0] -> 6[2] via P2P/CUMEM
[c28:0]:c28:1020503:1021610 [0] NCCL INFO Channel 07/0 : 4[0] -> 6[2] via P2P/CUMEM
[c28:1]:c28:1020504:1021618 [1] NCCL INFO Channel 10/0 : 5[1] -> 7[3] via P2P/CUMEM
[c28:0]:c28:1020503:1021610 [0] NCCL INFO Channel 10/0 : 4[0] -> 6[2] via P2P/CUMEM
[c28:0]:c28:1020503:1021610 [0] NCCL INFO Channel 03/0 : 4[0] -> 7[3] via P2P/CUMEM
[c28:0]:c28:1020503:1021610 [0] NCCL INFO Channel 07/0 : 4[0] -> 7[3] via P2P/CUMEM
[c28:0]:c28:1020503:1021610 [0] NCCL INFO Channel 04/0 : 0[0] -> 4[0] [receive] via NET/IB/1/GDRDMA
[c28:0]:c28:1020503:1021610 [0] NCCL INFO Channel 00/0 : 4[0] -> 8[0] [send] via NET/IB/1/GDRDMA
[c28:0]:c28:1020503:1021610 [0] NCCL INFO Channel 04/0 : 4[0] -> 8[0] [send] via NET/IB/1/GDRDMA
[c28:0]:c28:1020503:1021610 [0] NCCL INFO Channel 08/0 : 4[0] -> 8[0] [send] via NET/IB/1/GDRDMA
[c28:0]:c28:1020503:1021610 [0] NCCL INFO Channel 04/0 : 4[0] -> 12[0] [send] via NET/IB/1/GDRDMA
[c28:0]:c28:1020503:1021610 [0] NCCL INFO Channel 04/0 : 12[0] -> 4[0] [receive] via NET/IB/1/GDRDMA
[c28:0]:c28:1020503:1021610 [0] NCCL INFO Channel 00/0 : 8[0] -> 4[0] [receive] via NET/IB/1/GDRDMA
[c28:0]:c28:1020503:1021610 [0] NCCL INFO Channel 04/0 : 8[0] -> 4[0] [receive] via NET/IB/1/GDRDMA
[c28:0]:c28:1020503:1021610 [0] NCCL INFO Channel 08/0 : 8[0] -> 4[0] [receive] via NET/IB/1/GDRDMA
[c28:0]:c28:1020503:1021610 [0] NCCL INFO Channel 04/0 : 4[0] -> 0[0] [send] via NET/IB/1/GDRDMA
[c28:1]:c28:1020504:1021618 [1] NCCL INFO Channel 05/0 : 1[1] -> 5[1] [receive] via NET/IB/0/GDRDMA
[c29:2]:c29:3284018:3285129 [2] NCCL INFO Channel 10/0 : 10[2] -> 6[2] [send] via NET/IB/3/GDRDMA
[c29:2]:c29:3284018:3285129 [2] NCCL INFO Channel 02/0 : 10[2] -> 8[0] via P2P/CUMEM
[c29:2]:c29:3284018:3285129 [2] NCCL INFO Channel 03/0 : 10[2] -> 8[0] via P2P/CUMEM
[c29:2]:c29:3284018:3285129 [2] NCCL INFO Channel 06/0 : 10[2] -> 8[0] via P2P/CUMEM
[c29:2]:c29:3284018:3285129 [2] NCCL INFO Channel 07/0 : 10[2] -> 8[0] via P2P/CUMEM
[c29:2]:c29:3284018:3285129 [2] NCCL INFO Channel 10/0 : 10[2] -> 8[0] via P2P/CUMEM
[c29:1]:c29:3284017:3285131 [1] NCCL INFO Channel 01/0 : 5[1] -> 9[1] [receive] via NET/IB/0/GDRDMA
[c29:1]:c29:3284017:3285131 [1] NCCL INFO Channel 05/0 : 5[1] -> 9[1] [receive] via NET/IB/0/GDRDMA
[c29:1]:c29:3284017:3285131 [1] NCCL INFO Channel 09/0 : 5[1] -> 9[1] [receive] via NET/IB/0/GDRDMA
[c29:1]:c29:3284017:3285131 [1] NCCL INFO Channel 01/0 : 9[1] -> 13[1] [send] via NET/IB/0/GDRDMA
[c29:1]:c29:3284017:3285131 [1] NCCL INFO Channel 09/0 : 9[1] -> 13[1] [send] via NET/IB/0/GDRDMA
[c29:1]:c29:3284017:3285131 [1] NCCL INFO Channel 01/0 : 9[1] -> 17[1] [send] via NET/IB/0/GDRDMA
[c29:1]:c29:3284017:3285131 [1] NCCL INFO Channel 09/0 : 9[1] -> 17[1] [send] via NET/IB/0/GDRDMA
[c29:1]:c29:3284017:3285131 [1] NCCL INFO Channel 01/0 : 17[1] -> 9[1] [receive] via NET/IB/0/GDRDMA
[c29:1]:c29:3284017:3285131 [1] NCCL INFO Channel 09/0 : 17[1] -> 9[1] [receive] via NET/IB/0/GDRDMA
[c29:1]:c29:3284017:3285131 [1] NCCL INFO Channel 01/0 : 13[1] -> 9[1] [receive] via NET/IB/0/GDRDMA
[c29:1]:c29:3284017:3285131 [1] NCCL INFO Channel 09/0 : 13[1] -> 9[1] [receive] via NET/IB/0/GDRDMA
[c29:1]:c29:3284017:3285131 [1] NCCL INFO Channel 01/0 : 9[1] -> 5[1] [send] via NET/IB/0/GDRDMA
[c29:1]:c29:3284017:3285131 [1] NCCL INFO Channel 05/0 : 9[1] -> 5[1] [send] via NET/IB/0/GDRDMA
[c29:1]:c29:3284017:3285131 [1] NCCL INFO Channel 09/0 : 9[1] -> 5[1] [send] via NET/IB/0/GDRDMA
[c29:3]:c29:3284019:3285130 [3] NCCL INFO Channel 03/0 : 7[3] -> 11[3] [receive] via NET/IB/2/GDRDMA
[c29:3]:c29:3284019:3285130 [3] NCCL INFO Channel 07/0 : 7[3] -> 11[3] [receive] via NET/IB/2/GDRDMA
[c29:3]:c29:3284019:3285130 [3] NCCL INFO Channel 03/0 : 11[3] -> 15[3] [send] via NET/IB/2/GDRDMA
[c29:3]:c29:3284019:3285130 [3] NCCL INFO Channel 03/0 : 11[3] -> 19[3] [send] via NET/IB/2/GDRDMA
[c29:3]:c29:3284019:3285130 [3] NCCL INFO Channel 03/0 : 19[3] -> 11[3] [receive] via NET/IB/2/GDRDMA
[c29:3]:c29:3284019:3285130 [3] NCCL INFO Channel 03/0 : 15[3] -> 11[3] [receive] via NET/IB/2/GDRDMA
[c29:3]:c29:3284019:3285130 [3] NCCL INFO Channel 03/0 : 11[3] -> 7[3] [send] via NET/IB/2/GDRDMA
[c29:3]:c29:3284019:3285130 [3] NCCL INFO Channel 07/0 : 11[3] -> 7[3] [send] via NET/IB/2/GDRDMA
[c29:3]:c29:3284019:3285130 [3] NCCL INFO Channel 01/0 : 11[3] -> 8[0] via P2P/CUMEM
[c29:3]:c29:3284019:3285130 [3] NCCL INFO Channel 03/0 : 11[3] -> 8[0] via P2P/CUMEM
[c29:3]:c29:3284019:3285130 [3] NCCL INFO Channel 05/0 : 11[3] -> 8[0] via P2P/CUMEM
[c29:3]:c29:3284019:3285130 [3] NCCL INFO Channel 07/0 : 11[3] -> 8[0] via P2P/CUMEM
[c29:3]:c29:3284019:3285130 [3] NCCL INFO Channel 09/0 : 11[3] -> 8[0] via P2P/CUMEM
[c29:0]:c29:3284016:3285123 [0] NCCL INFO Channel 06/0 : 8[0] -> 10[2] via P2P/CUMEM
[c29:0]:c29:3284016:3285123 [0] NCCL INFO Channel 07/0 : 8[0] -> 10[2] via P2P/CUMEM
[c29:0]:c29:3284016:3285123 [0] NCCL INFO Channel 10/0 : 8[0] -> 10[2] via P2P/CUMEM
[c29:0]:c29:3284016:3285123 [0] NCCL INFO Channel 03/0 : 8[0] -> 11[3] via P2P/CUMEM
[c29:0]:c29:3284016:3285123 [0] NCCL INFO Channel 07/0 : 8[0] -> 11[3] via P2P/CUMEM
[c29:0]:c29:3284016:3285123 [0] NCCL INFO Channel 00/0 : 4[0] -> 8[0] [receive] via NET/IB/1/GDRDMA
[c29:0]:c29:3284016:3285123 [0] NCCL INFO Channel 04/0 : 4[0] -> 8[0] [receive] via NET/IB/1/GDRDMA
[c29:0]:c29:3284016:3285123 [0] NCCL INFO Channel 08/0 : 4[0] -> 8[0] [receive] via NET/IB/1/GDRDMA
[c29:0]:c29:3284016:3285123 [0] NCCL INFO Channel 00/0 : 8[0] -> 12[0] [send] via NET/IB/1/GDRDMA
[c29:0]:c29:3284016:3285123 [0] NCCL INFO Channel 08/0 : 8[0] -> 12[0] [send] via NET/IB/1/GDRDMA
[c29:0]:c29:3284016:3285123 [0] NCCL INFO Channel 00/0 : 8[0] -> 16[0] [send] via NET/IB/1/GDRDMA
[c29:0]:c29:3284016:3285123 [0] NCCL INFO Channel 08/0 : 8[0] -> 16[0] [send] via NET/IB/1/GDRDMA
[c29:0]:c29:3284016:3285123 [0] NCCL INFO Channel 00/0 : 16[0] -> 8[0] [receive] via NET/IB/1/GDRDMA
[c29:0]:c29:3284016:3285123 [0] NCCL INFO Channel 08/0 : 16[0] -> 8[0] [receive] via NET/IB/1/GDRDMA
[c29:0]:c29:3284016:3285123 [0] NCCL INFO Channel 00/0 : 12[0] -> 8[0] [receive] via NET/IB/1/GDRDMA
[c29:0]:c29:3284016:3285123 [0] NCCL INFO Channel 08/0 : 12[0] -> 8[0] [receive] via NET/IB/1/GDRDMA
[c29:0]:c29:3284016:3285123 [0] NCCL INFO Channel 00/0 : 8[0] -> 4[0] [send] via NET/IB/1/GDRDMA
[c29:0]:c29:3284016:3285123 [0] NCCL INFO Channel 04/0 : 8[0] -> 4[0] [send] via NET/IB/1/GDRDMA
[c29:0]:c29:3284016:3285123 [0] NCCL INFO Channel 08/0 : 8[0] -> 4[0] [send] via NET/IB/1/GDRDMA
[c29:2]:c29:3284018:3285129 [2] NCCL INFO Channel 00/0 : 10[2] -> 9[1] via P2P/CUMEM
[c29:2]:c29:3284018:3285129 [2] NCCL INFO Channel 01/0 : 10[2] -> 9[1] via P2P/CUMEM
[c29:2]:c29:3284018:3285129 [2] NCCL INFO Channel 04/0 : 10[2] -> 9[1] via P2P/CUMEM
[c29:2]:c29:3284018:3285129 [2] NCCL INFO Channel 05/0 : 10[2] -> 9[1] via P2P/CUMEM
[c29:2]:c29:3284018:3285129 [2] NCCL INFO Channel 08/0 : 10[2] -> 9[1] via P2P/CUMEM
[c29:2]:c29:3284018:3285129 [2] NCCL INFO Channel 09/0 : 10[2] -> 9[1] via P2P/CUMEM
[c29:1]:c29:3284017:3285131 [1] NCCL INFO Channel 00/0 : 9[1] -> 8[0] via P2P/CUMEM
[c29:1]:c29:3284017:3285131 [1] NCCL INFO Channel 04/0 : 9[1] -> 8[0] via P2P/CUMEM
[c29:1]:c29:3284017:3285131 [1] NCCL INFO Channel 08/0 : 9[1] -> 8[0] via P2P/CUMEM
[c29:3]:c29:3284019:3285130 [3] NCCL INFO Channel 02/0 : 11[3] -> 9[1] via P2P/CUMEM
[c29:3]:c29:3284019:3285130 [3] NCCL INFO Channel 06/0 : 11[3] -> 9[1] via P2P/CUMEM
[c29:3]:c29:3284019:3285130 [3] NCCL INFO Channel 10/0 : 11[3] -> 9[1] via P2P/CUMEM
[c29:3]:c29:3284019:3285130 [3] NCCL INFO Channel 00/0 : 11[3] -> 10[2] via P2P/CUMEM
[c29:3]:c29:3284019:3285130 [3] NCCL INFO Channel 04/0 : 11[3] -> 10[2] via P2P/CUMEM
[c29:3]:c29:3284019:3285130 [3] NCCL INFO Channel 08/0 : 11[3] -> 10[2] via P2P/CUMEM
[c29:1]:c29:3284017:3285131 [1] NCCL INFO Connected all trees
[c29:1]:c29:3284017:3285131 [1] NCCL INFO threadThresholds 8/8/64 | 256/8/64 | 512 | 512
[c29:1]:c29:3284017:3285131 [1] NCCL INFO 11 coll channels, 11 collnet channels, 0 nvls channels, 16 p2p channels, 1 p2p channels per peer
[c29:3]:c29:3284019:3285130 [3] NCCL INFO Connected all trees
[c29:3]:c29:3284019:3285130 [3] NCCL INFO threadThresholds 8/8/64 | 256/8/64 | 512 | 512
[c29:3]:c29:3284019:3285130 [3] NCCL INFO 11 coll channels, 11 collnet channels, 0 nvls channels, 16 p2p channels, 1 p2p channels per peer
[c29:0]:c29:3284016:3285123 [0] NCCL INFO Connected all trees
[c29:0]:c29:3284016:3285123 [0] NCCL INFO threadThresholds 8/8/64 | 256/8/64 | 512 | 512
[c29:0]:c29:3284016:3285123 [0] NCCL INFO 11 coll channels, 11 collnet channels, 0 nvls channels, 16 p2p channels, 1 p2p channels per peer
[c29:2]:c29:3284018:3285129 [2] NCCL INFO Connected all trees
[c29:2]:c29:3284018:3285129 [2] NCCL INFO threadThresholds 8/8/64 | 256/8/64 | 512 | 512
[c29:2]:c29:3284018:3285129 [2] NCCL INFO 11 coll channels, 11 collnet channels, 0 nvls channels, 16 p2p channels, 1 p2p channels per peer
[c29:2]:c29:3284018:3285129 [2] NCCL INFO TUNER/Plugin: Plugin load returned 2 : libnccl-net.so: cannot open shared object file: No such file or directory : when loading libnccl-tuner.so
[c29:2]:c29:3284018:3285129 [2] NCCL INFO TUNER/Plugin: Using internal tuner plugin.
[c29:2]:c29:3284018:3285129 [2] NCCL INFO ncclCommInitRank comm 0xec9e540 rank 10 nranks 32 cudaDev 2 nvmlDev 2 busId a6000 commId 0xa982e3392aed865b - Init COMPLETE
[c29:1]:c29:3284017:3285131 [1] NCCL INFO TUNER/Plugin: Plugin load returned 2 : libnccl-net.so: cannot open shared object file: No such file or directory : when loading libnccl-tuner.so
[c29:1]:c29:3284017:3285131 [1] NCCL INFO TUNER/Plugin: Using internal tuner plugin.
[c29:1]:c29:3284017:3285131 [1] NCCL INFO ncclCommInitRank comm 0xdf60440 rank 9 nranks 32 cudaDev 1 nvmlDev 1 busId 26000 commId 0xa982e3392aed865b - Init COMPLETE
[c132:1]:c132:872242:873076 [1] NCCL INFO Channel 03/0 : 25[1] -> 26[2] via P2P/CUMEM
[c132:1]:c132:872242:873076 [1] NCCL INFO Channel 05/0 : 25[1] -> 26[2] via P2P/CUMEM
[c132:1]:c132:872242:873076 [1] NCCL INFO Channel 07/0 : 25[1] -> 26[2] via P2P/CUMEM
[c132:1]:c132:872242:873076 [1] NCCL INFO Channel 09/0 : 25[1] -> 26[2] via P2P/CUMEM
[c132:1]:c132:872242:873076 [1] NCCL INFO Channel 02/0 : 25[1] -> 27[3] via P2P/CUMEM
[c132:1]:c132:872242:873076 [1] NCCL INFO Channel 06/0 : 25[1] -> 27[3] via P2P/CUMEM
[c132:1]:c132:872242:873076 [1] NCCL INFO Channel 10/0 : 25[1] -> 27[3] via P2P/CUMEM
[c132:1]:c132:872242:873076 [1] NCCL INFO Channel 01/0 : 21[1] -> 25[1] [receive] via NET/IB/0/GDRDMA
[c132:1]:c132:872242:873076 [1] NCCL INFO Channel 05/0 : 21[1] -> 25[1] [receive] via NET/IB/0/GDRDMA
[c132:1]:c132:872242:873076 [1] NCCL INFO Channel 09/0 : 21[1] -> 25[1] [receive] via NET/IB/0/GDRDMA
[c132:1]:c132:872242:873076 [1] NCCL INFO Channel 01/0 : 25[1] -> 29[1] [send] via NET/IB/0/GDRDMA
[c132:1]:c132:872242:873076 [1] NCCL INFO Channel 09/0 : 25[1] -> 29[1] [send] via NET/IB/0/GDRDMA
[c132:3]:c132:872244:873075 [3] NCCL INFO Channel 03/0 : 19[3] -> 27[3] [receive] via NET/IB/2/GDRDMA
[c132:3]:c132:872244:873075 [3] NCCL INFO Channel 03/0 : 27[3] -> 19[3] [send] via NET/IB/2/GDRDMA
[c132:2]:c132:872243:873077 [2] NCCL INFO Channel 02/0 : 18[2] -> 26[2] [receive] via NET/IB/3/GDRDMA
[c132:2]:c132:872243:873077 [2] NCCL INFO Channel 10/0 : 18[2] -> 26[2] [receive] via NET/IB/3/GDRDMA
[c132:2]:c132:872243:873077 [2] NCCL INFO Channel 02/0 : 26[2] -> 18[2] [send] via NET/IB/3/GDRDMA
[c132:2]:c132:872243:873077 [2] NCCL INFO Channel 10/0 : 26[2] -> 18[2] [send] via NET/IB/3/GDRDMA
[c132:0]:c132:872241:873067 [0] NCCL INFO Channel 00/0 : 16[0] -> 24[0] [receive] via NET/IB/1/GDRDMA
[c132:0]:c132:872241:873067 [0] NCCL INFO Channel 08/0 : 16[0] -> 24[0] [receive] via NET/IB/1/GDRDMA
[c132:0]:c132:872241:873067 [0] NCCL INFO Channel 00/0 : 24[0] -> 16[0] [send] via NET/IB/1/GDRDMA
[c132:0]:c132:872241:873067 [0] NCCL INFO Channel 08/0 : 24[0] -> 16[0] [send] via NET/IB/1/GDRDMA
[c132:1]:c132:872242:873076 [1] NCCL INFO Channel 01/0 : 17[1] -> 25[1] [receive] via NET/IB/0/GDRDMA
[c132:1]:c132:872242:873076 [1] NCCL INFO Channel 09/0 : 17[1] -> 25[1] [receive] via NET/IB/0/GDRDMA
[c132:1]:c132:872242:873076 [1] NCCL INFO Channel 01/0 : 25[1] -> 17[1] [send] via NET/IB/0/GDRDMA
[c132:1]:c132:872242:873076 [1] NCCL INFO Channel 09/0 : 25[1] -> 17[1] [send] via NET/IB/0/GDRDMA
[c132:3]:c132:872244:873075 [3] NCCL INFO Channel 03/0 : 31[3] -> 27[3] [receive] via NET/IB/2/GDRDMA
[c132:3]:c132:872244:873075 [3] NCCL INFO Channel 03/0 : 27[3] -> 23[3] [send] via NET/IB/2/GDRDMA
[c132:3]:c132:872244:873075 [3] NCCL INFO Channel 07/0 : 27[3] -> 23[3] [send] via NET/IB/2/GDRDMA
[c132:3]:c132:872244:873075 [3] NCCL INFO Channel 01/0 : 27[3] -> 24[0] via P2P/CUMEM
[c132:0]:c132:872241:873067 [0] NCCL INFO Channel 00/0 : 28[0] -> 24[0] [receive] via NET/IB/1/GDRDMA
[c132:0]:c132:872241:873067 [0] NCCL INFO Channel 08/0 : 28[0] -> 24[0] [receive] via NET/IB/1/GDRDMA
[c132:0]:c132:872241:873067 [0] NCCL INFO Channel 00/0 : 24[0] -> 20[0] [send] via NET/IB/1/GDRDMA
[c132:0]:c132:872241:873067 [0] NCCL INFO Channel 04/0 : 24[0] -> 20[0] [send] via NET/IB/1/GDRDMA
[c132:0]:c132:872241:873067 [0] NCCL INFO Channel 08/0 : 24[0] -> 20[0] [send] via NET/IB/1/GDRDMA
[c132:2]:c132:872243:873077 [2] NCCL INFO Channel 02/0 : 30[2] -> 26[2] [receive] via NET/IB/3/GDRDMA
[c132:2]:c132:872243:873077 [2] NCCL INFO Channel 10/0 : 30[2] -> 26[2] [receive] via NET/IB/3/GDRDMA
[c132:2]:c132:872243:873077 [2] NCCL INFO Channel 02/0 : 26[2] -> 22[2] [send] via NET/IB/3/GDRDMA
[c132:2]:c132:872243:873077 [2] NCCL INFO Channel 06/0 : 26[2] -> 22[2] [send] via NET/IB/3/GDRDMA
[c132:2]:c132:872243:873077 [2] NCCL INFO Channel 10/0 : 26[2] -> 22[2] [send] via NET/IB/3/GDRDMA
[c132:2]:c132:872243:873077 [2] NCCL INFO Channel 02/0 : 26[2] -> 24[0] via P2P/CUMEM
[c132:1]:c132:872242:873076 [1] NCCL INFO Channel 01/0 : 29[1] -> 25[1] [receive] via NET/IB/0/GDRDMA
[c132:1]:c132:872242:873076 [1] NCCL INFO Channel 09/0 : 29[1] -> 25[1] [receive] via NET/IB/0/GDRDMA
[c132:1]:c132:872242:873076 [1] NCCL INFO Channel 01/0 : 25[1] -> 21[1] [send] via NET/IB/0/GDRDMA
[c132:1]:c132:872242:873076 [1] NCCL INFO Channel 05/0 : 25[1] -> 21[1] [send] via NET/IB/0/GDRDMA
[c132:1]:c132:872242:873076 [1] NCCL INFO Channel 09/0 : 25[1] -> 21[1] [send] via NET/IB/0/GDRDMA
[c132:3]:c132:872244:873075 [3] NCCL INFO Channel 03/0 : 27[3] -> 24[0] via P2P/CUMEM
[c132:3]:c132:872244:873075 [3] NCCL INFO Channel 05/0 : 27[3] -> 24[0] via P2P/CUMEM
[c132:3]:c132:872244:873075 [3] NCCL INFO Channel 07/0 : 27[3] -> 24[0] via P2P/CUMEM
[c132:3]:c132:872244:873075 [3] NCCL INFO Channel 09/0 : 27[3] -> 24[0] via P2P/CUMEM
[c132:3]:c132:872244:873075 [3] NCCL INFO Channel 02/0 : 27[3] -> 25[1] via P2P/CUMEM
[c132:2]:c132:872243:873077 [2] NCCL INFO Channel 03/0 : 26[2] -> 24[0] via P2P/CUMEM
[c132:2]:c132:872243:873077 [2] NCCL INFO Channel 06/0 : 26[2] -> 24[0] via P2P/CUMEM
[c132:2]:c132:872243:873077 [2] NCCL INFO Channel 07/0 : 26[2] -> 24[0] via P2P/CUMEM
[c132:2]:c132:872243:873077 [2] NCCL INFO Channel 10/0 : 26[2] -> 24[0] via P2P/CUMEM
[c132:3]:c132:872244:873075 [3] NCCL INFO Channel 06/0 : 27[3] -> 25[1] via P2P/CUMEM
[c132:3]:c132:872244:873075 [3] NCCL INFO Channel 10/0 : 27[3] -> 25[1] via P2P/CUMEM
[c132:3]:c132:872244:873075 [3] NCCL INFO Channel 00/0 : 27[3] -> 26[2] via P2P/CUMEM
[c132:3]:c132:872244:873075 [3] NCCL INFO Channel 04/0 : 27[3] -> 26[2] via P2P/CUMEM
[c132:3]:c132:872244:873075 [3] NCCL INFO Channel 08/0 : 27[3] -> 26[2] via P2P/CUMEM
[c132:2]:c132:872243:873077 [2] NCCL INFO Channel 00/0 : 26[2] -> 25[1] via P2P/CUMEM
[c132:2]:c132:872243:873077 [2] NCCL INFO Channel 01/0 : 26[2] -> 25[1] via P2P/CUMEM
[c132:2]:c132:872243:873077 [2] NCCL INFO Channel 04/0 : 26[2] -> 25[1] via P2P/CUMEM
[c132:2]:c132:872243:873077 [2] NCCL INFO Channel 05/0 : 26[2] -> 25[1] via P2P/CUMEM
[c132:2]:c132:872243:873077 [2] NCCL INFO Channel 08/0 : 26[2] -> 25[1] via P2P/CUMEM
[c132:2]:c132:872243:873077 [2] NCCL INFO Channel 09/0 : 26[2] -> 25[1] via P2P/CUMEM
[c132:1]:c132:872242:873076 [1] NCCL INFO Channel 00/0 : 25[1] -> 24[0] via P2P/CUMEM
[c132:1]:c132:872242:873076 [1] NCCL INFO Channel 04/0 : 25[1] -> 24[0] via P2P/CUMEM
[c132:1]:c132:872242:873076 [1] NCCL INFO Channel 08/0 : 25[1] -> 24[0] via P2P/CUMEM
[c132:0]:c132:872241:873067 [0] NCCL INFO Connected all trees
[c132:0]:c132:872241:873067 [0] NCCL INFO threadThresholds 8/8/64 | 256/8/64 | 512 | 512
[c132:0]:c132:872241:873067 [0] NCCL INFO 11 coll channels, 11 collnet channels, 0 nvls channels, 16 p2p channels, 1 p2p channels per peer
[c132:3]:c132:872244:873075 [3] NCCL INFO Connected all trees
[c132:3]:c132:872244:873075 [3] NCCL INFO threadThresholds 8/8/64 | 256/8/64 | 512 | 512
[c132:3]:c132:872244:873075 [3] NCCL INFO 11 coll channels, 11 collnet channels, 0 nvls channels, 16 p2p channels, 1 p2p channels per peer
[c132:2]:c132:872243:873077 [2] NCCL INFO Connected all trees
[c132:2]:c132:872243:873077 [2] NCCL INFO threadThresholds 8/8/64 | 256/8/64 | 512 | 512
[c132:2]:c132:872243:873077 [2] NCCL INFO 11 coll channels, 11 collnet channels, 0 nvls channels, 16 p2p channels, 1 p2p channels per peer
[c132:1]:c132:872242:873076 [1] NCCL INFO Connected all trees
[c132:1]:c132:872242:873076 [1] NCCL INFO threadThresholds 8/8/64 | 256/8/64 | 512 | 512
[c132:1]:c132:872242:873076 [1] NCCL INFO 11 coll channels, 11 collnet channels, 0 nvls channels, 16 p2p channels, 1 p2p channels per peer
[c132:0]:c132:872241:873067 [0] NCCL INFO TUNER/Plugin: Plugin load returned 2 : libnccl-net.so: cannot open shared object file: No such file or directory : when loading libnccl-tuner.so
[c132:0]:c132:872241:873067 [0] NCCL INFO TUNER/Plugin: Using internal tuner plugin.
[c132:0]:c132:872241:873067 [0] NCCL INFO ncclCommInitRank comm 0xd2662b0 rank 24 nranks 32 cudaDev 0 nvmlDev 0 busId 6000 commId 0xa982e3392aed865b - Init COMPLETE
[c132:3]:c132:872244:873075 [3] NCCL INFO TUNER/Plugin: Plugin load returned 2 : libnccl-net.so: cannot open shared object file: No such file or directory : when loading libnccl-tuner.so
[c105:2]:c105:3887749:3888589 [2] NCCL INFO Channel 02/0 : 10[2] -> 18[2] [receive] via NET/IB/3/GDRDMA
[c105:2]:c105:3887749:3888589 [2] NCCL INFO Channel 10/0 : 10[2] -> 18[2] [receive] via NET/IB/3/GDRDMA
[c105:2]:c105:3887749:3888589 [2] NCCL INFO Channel 02/0 : 18[2] -> 26[2] [send] via NET/IB/3/GDRDMA
[c105:2]:c105:3887749:3888589 [2] NCCL INFO Channel 10/0 : 18[2] -> 26[2] [send] via NET/IB/3/GDRDMA
[c105:0]:c105:3887747:3888581 [0] NCCL INFO Channel 00/0 : 8[0] -> 16[0] [receive] via NET/IB/1/GDRDMA
[c105:0]:c105:3887747:3888581 [0] NCCL INFO Channel 08/0 : 8[0] -> 16[0] [receive] via NET/IB/1/GDRDMA
[c105:0]:c105:3887747:3888581 [0] NCCL INFO Channel 00/0 : 16[0] -> 24[0] [send] via NET/IB/1/GDRDMA
[c105:0]:c105:3887747:3888581 [0] NCCL INFO Channel 08/0 : 16[0] -> 24[0] [send] via NET/IB/1/GDRDMA
[c105:1]:c105:3887748:3888588 [1] NCCL INFO Channel 01/0 : 9[1] -> 17[1] [receive] via NET/IB/0/GDRDMA
[c105:1]:c105:3887748:3888588 [1] NCCL INFO Channel 09/0 : 9[1] -> 17[1] [receive] via NET/IB/0/GDRDMA
[c105:1]:c105:3887748:3888588 [1] NCCL INFO Channel 01/0 : 17[1] -> 25[1] [send] via NET/IB/0/GDRDMA
